Здравствуйте.

Задание:

1. Установите aptly на вашем виртуальном сервере (команды и вывод сохраните).

```
echo 'deb http://repo.aptly.info/ squeeze main' > /etc/apt/sources.list.d/aptly.list
apt-key adv --keyserver keyserver.ubuntu.com --recv-keys ED75B5A4483DA07C
apt-get update && apt-get install aptly
```

2. Создайте сервисного пользователя aptly, от имени которого будет запускаться сервер и кто будет владеть репозиторием пакетов.

```
useradd --no-create-home --system aptly
```

3. Создайте публичный репозиторий rebrainme (команды и вывод сохраните)

```
aptly repo create rebrainme
```

4. Соберите пакет с nginx 1.18 и модулем nginx-module-vts и упакуйте в deb пакет.

```
apt install python3-pip dh-make dh-systemd -y
git clone https://github.com/Tinkoff/Nginx-builder.git
cd ./Nginx-builder/
root@task0707-0:/tmp/Nginx-builder# cat ./config.yaml
nginx_version: 1.18.0
output_package: deb
modules:
  - module:
      name: nginx-module-vts
      git_url: https://github.com/vozlt/nginx-module-vts.git
      git_tag: v0.1.18
  - module:
      name: http_gzip_static_module
      type: embedded
  - module:
      name: http_v2_module
      type: embedded
  - module:
      name: http_ssl_module
      type: embedded
  - module:
      name: http_addition_module
      type: embedded
  - module:
      name: http_auth_request_module
      type: embedded
  - module:
      name: http_gunzip_module
      type: embedded
  - module:
      name: http_gzip_static_module
      type: embedded
  - module:
      name: http_realip_module
      type: embedded
  - module:
      name: http_secure_link_module
      type: embedded
  - module:
      name: http_slice_module
      type: embedded
  - module:
      name: http_stub_status_module
      type: embedded
  - module:
      name: http_sub_module
      type: embedded
  - module:
      name: stream_realip_module
      type: embedded
  - module:
      name: stream_ssl_preread_module
      type: embedded
configure_params:
  - "--with-openssl-opt='enable-tls1_3'"

./main.py build -f config.yaml

```

5. Добавьте пакет с собранным nginx в ваш репозиторий (команды и вывод сохраните).

```
aptly repo add rebrainme ./nginx_1.18.0-1_amd64.deb
```

6. Выведите все пакеты в репозитории (команды и вывод сохраните).

```
root@task0707-0:/tmp/Nginx-builder# aptly repo -with-packages show rebrainme
Name: rebrainme
Comment: 
Default Distribution: 
Default Component: main
Number of packages: 1
Packages:
  nginx_1.18.0-1_amd64

```

7. Выведите информацию о пакете (команды и вывод сохраните).

```
root@task0707-0:/tmp/Nginx-builder# aptly package show nginx_1.18.0-1_amd64
Package: nginx
Priority: optional
Section: httpd
Installed-Size: 3231
Maintainer: Sergey Budnevitch <sb@nginx.com>
Architecture: amd64
Version: 1.18.0-1
Replaces: nginx-common, nginx-core
Provides: httpd
Depends: libc6 (>= 2.28), libcrypt1 (>= 1:4.1.0), libpcre3, libssl1.1 (>= 1.1.1), zlib1g (>= 1:1.1.4), lsb-base (>= 3.0-6), adduser
Conflicts: nginx-common, nginx-core
Filename: nginx_1.18.0-1_amd64.deb
Size: 720364
MD5sum: be27b766fa961f51506006851d672edd
SHA1: 858eb75ff5c53aad3a16f6d53f0b1d9a81865374
SHA256: 26ad0c347d53366fc41b0eb4d58f9cdbdb65bc4a1dd784f6b529cdef16e3cc9f
SHA512: 87055fd2a22c581d6f636c15fbbeecf1f253e9aa4972214a8710697f31f0a4f6baa43799019acfd5ff5c7c8aaceba69b89114f1d265e8e0c5d4db237c3b56489
Description: high performance web server
 nginx [engine x] is an HTTP and reverse proxy server, as well as
 a mail proxy server.
Homepage: http://nginx.org

root@task0707-0:/tmp/Nginx-builder# 

```

8. Напишите systemd unit для раздачи вашего репозитория, который будет перезапускаться при возникновении проблемы и запустите его (сохраните команды вывода unit файла, его запуска и вывод данных команд).

```
vim /usr/lib/systemd/system/aptly.service
# /lib/systemd/system/aptly.service
[Unit]
Description=The Aptly api server
After=network.target remote-fs.target nss-lookup.target

# https://ma.ttias.be/auto-restart-crashed-service-systemd/
StartLimitIntervalSec=500
StartLimitBurst=10

[Service]
ExecStart=/usr/bin/aptly serve -config="/etc/aptly.conf" -listen=:8080
#ExecStart=/usr/bin/aptly api serve -listen=:8080

#StandardOutput=syslog
#StandardError=syslog
#SyslogIdentifier=aptly

User=aptly
Group=aptly

#WorkingDirectory=/root/

# https://ma.ttias.be/auto-restart-crashed-service-systemd/
Restart=on-failure
RestartSec=10s

[Install]
WantedBy=multi-user.target
root@task0707-0:~# systemctl daemon-reload 
root@task0707-0:~# systemctl start apt
apt-daily.service          apt-daily-upgrade.service  aptly.service              
chown -R aptly:aptly /root/.aptly
chown aptly:aptly /etc/aptly.conf
chmod 755 /root
cp /root/.aptly.conf /etc/aptly.conf
root@task0707-0:~# systemctl start aptly.service 
root@task0707-0:~# systemctl status aptly.service 
```

9. Добавьте ваш репозиторий в локальной виртуальной машине и выведите информацию о пакете при помощи команды apt-cache show (команды и вывод сохраните).
`использовал apt-cache madison nginx т.к. более понятно в этом случае `

```
gpg --export --armor 34AC240F600B948A25ED36133EFD71DA03EA2588 > pubkey.asc
apt-key add ./pubkey.asc
root@task0707-0:~# aptly publish repo -distribution="focal" rebrainme
#root@task0707-0:~# aptly publish drop focal
root@task0707-0:/tmp/sss# apt update
Get:1 http://task0707-0:8080 focal InRelease [4,127 B]
Get:2 http://security.ubuntu.com/ubuntu focal-security InRelease [114 kB]                                                                                                    
Get:3 http://task0707-0:8080 focal/main amd64 Packages [643 B]
Hit:4 https://repos-droplet.digitalocean.com/apt/droplet-agent main InRelease                     
Hit:5 http://repo.aptly.info squeeze InRelease                      
Hit:6 http://mirrors.digitalocean.com/ubuntu focal InRelease
Hit:7 http://mirrors.digitalocean.com/ubuntu focal-updates InRelease
Hit:8 http://mirrors.digitalocean.com/ubuntu focal-backports InRelease
Fetched 114 kB in 1s (154 kB/s)
Reading package lists... Done
Building dependency tree       
Reading state information... Done
9 packages can be upgraded. Run 'apt list --upgradable' to see them.
root@task0707-0:/tmp/sss# systemctl status aptly.service 
● aptly.service - The Aptly api server
     Loaded: loaded (/lib/systemd/system/aptly.service; disabled; vendor preset: enabled)
     Active: active (running) since Tue 2022-02-08 09:28:58 UTC; 8min ago
   Main PID: 35742 (aptly)
      Tasks: 7 (limit: 4677)
     Memory: 3.9M
     CGroup: /system.slice/aptly.service
             └─35742 /usr/bin/aptly serve -config=/etc/aptly.conf -listen=:8080
root@task0707-0:/tmp/sss# apt-cache madison nginx
     nginx |   1.18.0-1 | http://task0707-0:8080 focal/main amd64 Packages
     nginx | 1.18.0-0ubuntu1.2 | http://mirrors.digitalocean.com/ubuntu focal-updates/main amd64 Packages
     nginx | 1.18.0-0ubuntu1.2 | http://security.ubuntu.com/ubuntu focal-security/main amd64 Packages
     nginx | 1.17.10-0ubuntu1 | http://mirrors.digitalocean.com/ubuntu focal/main amd64 Packages
     nginx | 1.17.10-0ubuntu1 | http://mirrors.digitalocean.com/ubuntu focal/main Sources
     nginx | 1.18.0-0ubuntu1.2 | http://mirrors.digitalocean.com/ubuntu focal-updates/main Sources
root@task0707-0:/tmp/sss# 


```





sysctl -w net.ipv4.ip_forward=1
lxc storage volume create default myvol size=5GiB
lxc launch images:ubuntu/focal/amd64 rebrainme_lxc -c limits.cpu=1 -c limits.memory=1GiB
lxc config device add rebrainme-lxc myvol1 disk pool=default source=myvol path=/mnt

lxc exec rebrainme-lxc -- bash -c 'apt update && apt install nginx -y'

lxc exec rebrainme-lxc -- bash -c 'echo "Hello from LXC" > /var/www/html/index.nginx-debian.html'
lxc ls -f table

curl http://10.114.31.221


